Copyright 1986-2022 Xilinx, Inc. All Rights Reserved. Copyright 2022-2024 Advanced Micro Devices, Inc. All Rights Reserved.
----------------------------------------------------------------------------------------------------------------------------------------------------------------------------------------------
| Tool Version      : Vivado v.2024.1 (lin64) Build 5076996 Wed May 22 18:36:09 MDT 2024
| Date              : Fri Aug 14 09:37:23 2026
| Host              : localhost.localdomain running 64-bit unknown
| Command           : report_timing -of_objects [get_timing_paths -quiet -delay_type max -max_paths 1 -from [all_registers] -to [all_registers]] -file reports/cam_d32_w104_critical_path.rpt
| Design            : cam_d32_w104
| Device            : xczu7ev-ffvc1156
| Speed File        : -2  PRODUCTION 1.30 05-15-2022
| Design State      : Routed
| Temperature Grade : E
----------------------------------------------------------------------------------------------------------------------------------------------------------------------------------------------

Timing Report

Slack (MET) :             3.293ns  (required time - arrival time)
  Source:                 _477_reg[5]/C
                            (rising edge-triggered cell FDRE clocked by clock  {rise@0.000ns fall@3.200ns period=6.400ns})
  Destination:            _567_reg[0]/D
                            (rising edge-triggered cell FDRE clocked by clock  {rise@0.000ns fall@3.200ns period=6.400ns})
  Path Group:             clock
  Path Type:              Setup (Max at Slow Process Corner)
  Requirement:            6.400ns  (clock rise@6.400ns - clock rise@0.000ns)
  Data Path Delay:        2.968ns  (logic 0.824ns (27.766%)  route 2.144ns (72.234%))
  Logic Levels:           10  (CARRY8=5 LUT4=1 LUT6=4)
  Clock Path Skew:        -0.129ns (DCD - SCD + CPR)
    Destination Clock Delay (DCD):    2.128ns = ( 8.528 - 6.400 ) 
    Source Clock Delay      (SCD):    2.450ns
    Clock Pessimism Removal (CPR):    0.193ns
  Clock Uncertainty:      0.035ns  ((TSJ^2 + TIJ^2)^1/2 + DJ) / 2 + PE
    Total System Jitter     (TSJ):    0.071ns
    Total Input Jitter      (TIJ):    0.000ns
    Discrete Jitter          (DJ):    0.000ns
    Phase Error              (PE):    0.000ns

    Location             Delay type                Incr(ns)  Path(ns)    Netlist Resource(s)
  -------------------------------------------------------------------    -------------------
                         (clock clock rise edge)      0.000     0.000 r  
                                                      0.000     0.000 r  clock (IN)
                         net (fo=3371, unset)         2.450     2.450    clock
    SLICE_X99Y233        FDRE                                         r  _477_reg[5]/C
  -------------------------------------------------------------------    -------------------
    SLICE_X99Y233        FDRE (Prop_CFF2_SLICEL_C_Q)
                                                      0.080     2.530 r  _477_reg[5]/Q
                         net (fo=1, routed)           0.650     3.180    _477[5]
    SLICE_X99Y234                                                     r  _601_i_513/I0
    SLICE_X99Y234        LUT6 (Prop_B6LUT_SLICEL_I0_O)
                                                      0.090     3.270 r  _601_i_513/O
                         net (fo=1, routed)           0.009     3.279    _601_i_513_n_0
    SLICE_X99Y234                                                     r  _601_reg_i_400/S[1]
    SLICE_X99Y234        CARRY8 (Prop_CARRY8_SLICEL_S[1]_CO[7])
                                                      0.186     3.465 f  _601_reg_i_400/CO[7]
                         net (fo=1, routed)           0.026     3.491    _601_reg_i_400_n_0
    SLICE_X99Y235                                                     f  _601_reg_i_283/CI
    SLICE_X99Y235        CARRY8 (Prop_CARRY8_SLICEL_CI_CO[7])
                                                      0.015     3.506 f  _601_reg_i_283/CO[7]
                         net (fo=1, routed)           0.026     3.532    _601_reg_i_283_n_0
    SLICE_X99Y236                                                     f  _601_reg_i_166/CI
    SLICE_X99Y236        CARRY8 (Prop_CARRY8_SLICEL_CI_CO[7])
                                                      0.015     3.547 f  _601_reg_i_166/CO[7]
                         net (fo=1, routed)           0.026     3.573    _601_reg_i_166_n_0
    SLICE_X99Y237                                                     f  _601_reg_i_64/CI
    SLICE_X99Y237        CARRY8 (Prop_CARRY8_SLICEL_CI_CO[7])
                                                      0.015     3.588 f  _601_reg_i_64/CO[7]
                         net (fo=1, routed)           0.026     3.614    _601_reg_i_64_n_0
    SLICE_X99Y238                                                     f  _601_reg_i_20/CI
    SLICE_X99Y238        CARRY8 (Prop_CARRY8_SLICEL_CI_CO[2])
                                                      0.057     3.671 f  _601_reg_i_20/CO[2]
                         net (fo=5, routed)           0.897     4.568    _478
    SLICE_X92Y218                                                     f  _567[4]_i_3/I0
    SLICE_X92Y218        LUT4 (Prop_C5LUT_SLICEL_I0_O)
                                                      0.136     4.704 f  _567[4]_i_3/O
                         net (fo=3, routed)           0.123     4.827    _567[4]_i_3_n_0
    SLICE_X91Y218                                                     f  _567[0]_i_14/I4
    SLICE_X91Y218        LUT6 (Prop_H6LUT_SLICEL_I4_O)
                                                      0.090     4.917 r  _567[0]_i_14/O
                         net (fo=1, routed)           0.087     5.004    _567[0]_i_14_n_0
    SLICE_X90Y218                                                     r  _567[0]_i_4/I0
    SLICE_X90Y218        LUT6 (Prop_G6LUT_SLICEL_I0_O)
                                                      0.089     5.093 r  _567[0]_i_4/O
                         net (fo=1, routed)           0.202     5.295    _567[0]_i_4_n_0
    SLICE_X93Y217                                                     r  _567[0]_i_1/I3
    SLICE_X93Y217        LUT6 (Prop_D6LUT_SLICEM_I3_O)
                                                      0.051     5.346 r  _567[0]_i_1/O
                         net (fo=1, routed)           0.072     5.418    _567[0]_i_1_n_0
    SLICE_X93Y217        FDRE                                         r  _567_reg[0]/D
  -------------------------------------------------------------------    -------------------

                         (clock clock rise edge)      6.400     6.400 r  
                                                      0.000     6.400 r  clock (IN)
                         net (fo=3371, unset)         2.128     8.528    clock
    SLICE_X93Y217        FDRE                                         r  _567_reg[0]/C
                         clock pessimism              0.193     8.721    
                         clock uncertainty           -0.035     8.685    
    SLICE_X93Y217        FDRE (Setup_DFF_SLICEM_C_D)
                                                      0.025     8.710    _567_reg[0]
  -------------------------------------------------------------------
                         required time                          8.710    
                         arrival time                          -5.418    
  -------------------------------------------------------------------
                         slack                                  3.293    




