Copyright 1986-2022 Xilinx, Inc. All Rights Reserved. Copyright 2022-2024 Advanced Micro Devices, Inc. All Rights Reserved.
----------------------------------------------------------------------------------------------------------------------------------------------------------------------------------------------
| Tool Version      : Vivado v.2024.1 (lin64) Build 5076996 Wed May 22 18:36:09 MDT 2024
| Date              : Fri Aug 14 09:34:02 2026
| Host              : localhost.localdomain running 64-bit unknown
| Command           : report_timing -of_objects [get_timing_paths -quiet -delay_type max -max_paths 1 -from [all_registers] -to [all_registers]] -file reports/cam_d16_w104_critical_path.rpt
| Design            : cam_d16_w104
| Device            : xczu7ev-ffvc1156
| Speed File        : -2  PRODUCTION 1.30 05-15-2022
| Design State      : Routed
| Temperature Grade : E
----------------------------------------------------------------------------------------------------------------------------------------------------------------------------------------------

Timing Report

Slack (MET) :             3.877ns  (required time - arrival time)
  Source:                 _197_reg[24]/C
                            (rising edge-triggered cell FDRE clocked by clock  {rise@0.000ns fall@3.200ns period=6.400ns})
  Destination:            _295_reg[2]/D
                            (rising edge-triggered cell FDRE clocked by clock  {rise@0.000ns fall@3.200ns period=6.400ns})
  Path Group:             clock
  Path Type:              Setup (Max at Slow Process Corner)
  Requirement:            6.400ns  (clock rise@6.400ns - clock rise@0.000ns)
  Data Path Delay:        2.389ns  (logic 0.770ns (32.233%)  route 1.619ns (67.767%))
  Logic Levels:           8  (CARRY8=4 LUT4=2 LUT6=2)
  Clock Path Skew:        -0.123ns (DCD - SCD + CPR)
    Destination Clock Delay (DCD):    2.333ns = ( 8.733 - 6.400 ) 
    Source Clock Delay      (SCD):    2.666ns
    Clock Pessimism Removal (CPR):    0.210ns
  Clock Uncertainty:      0.035ns  ((TSJ^2 + TIJ^2)^1/2 + DJ) / 2 + PE
    Total System Jitter     (TSJ):    0.071ns
    Total Input Jitter      (TIJ):    0.000ns
    Discrete Jitter          (DJ):    0.000ns
    Phase Error              (PE):    0.000ns

    Location             Delay type                Incr(ns)  Path(ns)    Netlist Resource(s)
  -------------------------------------------------------------------    -------------------
                         (clock clock rise edge)      0.000     0.000 r  
                                                      0.000     0.000 r  clock (IN)
                         net (fo=1689, unset)         2.666     2.666    clock
    SLICE_X70Y192        FDRE                                         r  _197_reg[24]/C
  -------------------------------------------------------------------    -------------------
    SLICE_X70Y192        FDRE (Prop_EFF_SLICEM_C_Q)
                                                      0.076     2.742 r  _197_reg[24]/Q
                         net (fo=1, routed)           0.402     3.144    _197[24]
    SLICE_X69Y192                                                     r  _295[0]_i_136/I3
    SLICE_X69Y192        LUT6 (Prop_A6LUT_SLICEL_I3_O)
                                                      0.149     3.293 r  _295[0]_i_136/O
                         net (fo=1, routed)           0.009     3.302    _295[0]_i_136_n_0
    SLICE_X69Y192                                                     r  _295_reg[0]_i_92/S[0]
    SLICE_X69Y192        CARRY8 (Prop_CARRY8_SLICEL_S[0]_CO[7])
                                                      0.190     3.492 f  _295_reg[0]_i_92/CO[7]
                         net (fo=1, routed)           0.026     3.518    _295_reg[0]_i_92_n_0
    SLICE_X69Y193                                                     f  _295_reg[0]_i_56/CI
    SLICE_X69Y193        CARRY8 (Prop_CARRY8_SLICEL_CI_CO[7])
                                                      0.015     3.533 f  _295_reg[0]_i_56/CO[7]
                         net (fo=1, routed)           0.026     3.559    _295_reg[0]_i_56_n_0
    SLICE_X69Y194                                                     f  _295_reg[0]_i_25/CI
    SLICE_X69Y194        CARRY8 (Prop_CARRY8_SLICEL_CI_CO[7])
                                                      0.015     3.574 f  _295_reg[0]_i_25/CO[7]
                         net (fo=1, routed)           0.026     3.600    _295_reg[0]_i_25_n_0
    SLICE_X69Y195                                                     f  _295_reg[0]_i_9/CI
    SLICE_X69Y195        CARRY8 (Prop_CARRY8_SLICEL_CI_CO[2])
                                                      0.057     3.657 f  _295_reg[0]_i_9/CO[2]
                         net (fo=2, routed)           0.578     4.235    _198
    SLICE_X78Y184                                                     f  _313_i_16/I0
    SLICE_X78Y184        LUT4 (Prop_B6LUT_SLICEM_I0_O)
                                                      0.100     4.335 f  _313_i_16/O
                         net (fo=4, routed)           0.114     4.449    _313_i_16_n_0
    SLICE_X79Y184                                                     f  _295[3]_i_2/I5
    SLICE_X79Y184        LUT6 (Prop_A6LUT_SLICEM_I5_O)
                                                      0.100     4.549 r  _295[3]_i_2/O
                         net (fo=3, routed)           0.411     4.960    _295[3]_i_2_n_0
    SLICE_X79Y184                                                     r  _295[2]_i_1/I0
    SLICE_X79Y184        LUT4 (Prop_C5LUT_SLICEM_I0_O)
                                                      0.068     5.028 r  _295[2]_i_1/O
                         net (fo=1, routed)           0.027     5.055    _295[2]_i_1_n_0
    SLICE_X79Y184        FDRE                                         r  _295_reg[2]/D
  -------------------------------------------------------------------    -------------------

                         (clock clock rise edge)      6.400     6.400 r  
                                                      0.000     6.400 r  clock (IN)
                         net (fo=1689, unset)         2.333     8.733    clock
    SLICE_X79Y184        FDRE                                         r  _295_reg[2]/C
                         clock pessimism              0.210     8.943    
                         clock uncertainty           -0.035     8.907    
    SLICE_X79Y184        FDRE (Setup_CFF2_SLICEM_C_D)
                                                      0.025     8.932    _295_reg[2]
  -------------------------------------------------------------------
                         required time                          8.932    
                         arrival time                          -5.055    
  -------------------------------------------------------------------
                         slack                                  3.877    




