Copyright 1986-2022 Xilinx, Inc. All Rights Reserved. Copyright 2022-2024 Advanced Micro Devices, Inc. All Rights Reserved.
----------------------------------------------------------------------------------------------------------------------------------------------------------------------------------------------
| Tool Version      : Vivado v.2024.1 (lin64) Build 5076996 Wed May 22 18:36:09 MDT 2024
| Date              : Fri Aug 14 09:31:04 2026
| Host              : localhost.localdomain running 64-bit unknown
| Command           : report_timing -of_objects [get_timing_paths -quiet -delay_type max -max_paths 1 -from [all_registers] -to [all_registers]] -file reports/cam_d12_w104_critical_path.rpt
| Design            : cam_d12_w104
| Device            : xczu7ev-ffvc1156
| Speed File        : -2  PRODUCTION 1.30 05-15-2022
| Design State      : Routed
| Temperature Grade : E
----------------------------------------------------------------------------------------------------------------------------------------------------------------------------------------------

Timing Report

Slack (MET) :             3.350ns  (required time - arrival time)
  Source:                 _192_reg[2]/C
                            (rising edge-triggered cell FDRE clocked by clock  {rise@0.000ns fall@3.200ns period=6.400ns})
  Destination:            _241_reg/D
                            (rising edge-triggered cell FDRE clocked by clock  {rise@0.000ns fall@3.200ns period=6.400ns})
  Path Group:             clock
  Path Type:              Setup (Max at Slow Process Corner)
  Requirement:            6.400ns  (clock rise@6.400ns - clock rise@0.000ns)
  Data Path Delay:        2.919ns  (logic 0.872ns (29.873%)  route 2.047ns (70.127%))
  Logic Levels:           9  (CARRY8=5 LUT4=2 LUT5=1 LUT6=1)
  Clock Path Skew:        -0.120ns (DCD - SCD + CPR)
    Destination Clock Delay (DCD):    2.739ns = ( 9.139 - 6.400 ) 
    Source Clock Delay      (SCD):    3.116ns
    Clock Pessimism Removal (CPR):    0.257ns
  Clock Uncertainty:      0.035ns  ((TSJ^2 + TIJ^2)^1/2 + DJ) / 2 + PE
    Total System Jitter     (TSJ):    0.071ns
    Total Input Jitter      (TIJ):    0.000ns
    Discrete Jitter          (DJ):    0.000ns
    Phase Error              (PE):    0.000ns

    Location             Delay type                Incr(ns)  Path(ns)    Netlist Resource(s)
  -------------------------------------------------------------------    -------------------
                         (clock clock rise edge)      0.000     0.000 r  
                                                      0.000     0.000 r  clock (IN)
                         net (fo=1269, unset)         3.116     3.116    clock
    SLICE_X98Y60         FDRE                                         r  _192_reg[2]/C
  -------------------------------------------------------------------    -------------------
    SLICE_X98Y60         FDRE (Prop_BFF_SLICEL_C_Q)
                                                      0.079     3.195 r  _192_reg[2]/Q
                         net (fo=1, routed)           0.335     3.530    _192[2]
    SLICE_X99Y60                                                      r  _227[1]_i_157/I0
    SLICE_X99Y60         LUT6 (Prop_A6LUT_SLICEL_I0_O)
                                                      0.149     3.679 r  _227[1]_i_157/O
                         net (fo=1, routed)           0.009     3.688    _227[1]_i_157_n_0
    SLICE_X99Y60                                                      r  _227_reg[1]_i_116/S[0]
    SLICE_X99Y60         CARRY8 (Prop_CARRY8_SLICEL_S[0]_CO[7])
                                                      0.190     3.878 r  _227_reg[1]_i_116/CO[7]
                         net (fo=1, routed)           0.026     3.904    _227_reg[1]_i_116_n_0
    SLICE_X99Y61                                                      r  _227_reg[1]_i_80/CI
    SLICE_X99Y61         CARRY8 (Prop_CARRY8_SLICEL_CI_CO[7])
                                                      0.015     3.919 r  _227_reg[1]_i_80/CO[7]
                         net (fo=1, routed)           0.026     3.945    _227_reg[1]_i_80_n_0
    SLICE_X99Y62                                                      r  _227_reg[1]_i_44/CI
    SLICE_X99Y62         CARRY8 (Prop_CARRY8_SLICEL_CI_CO[7])
                                                      0.015     3.960 r  _227_reg[1]_i_44/CO[7]
                         net (fo=1, routed)           0.026     3.986    _227_reg[1]_i_44_n_0
    SLICE_X99Y63                                                      r  _227_reg[1]_i_18/CI
    SLICE_X99Y63         CARRY8 (Prop_CARRY8_SLICEL_CI_CO[7])
                                                      0.015     4.001 r  _227_reg[1]_i_18/CO[7]
                         net (fo=1, routed)           0.026     4.027    _227_reg[1]_i_18_n_0
    SLICE_X99Y64                                                      r  _227_reg[1]_i_8/CI
    SLICE_X99Y64         CARRY8 (Prop_CARRY8_SLICEL_CI_CO[2])
                                                      0.057     4.084 r  _227_reg[1]_i_8/CO[2]
                         net (fo=2, routed)           0.824     4.908    _193
    SLICE_X93Y61                                                      r  _227[1]_i_5/I0
    SLICE_X93Y61         LUT4 (Prop_F6LUT_SLICEM_I0_O)
                                                      0.088     4.996 r  _227[1]_i_5/O
                         net (fo=2, routed)           0.377     5.373    _227[1]_i_5_n_0
    SLICE_X93Y61                                                      r  _241_i_4/I4
    SLICE_X93Y61         LUT5 (Prop_B5LUT_SLICEM_I4_O)
                                                      0.167     5.540 r  _241_i_4/O
                         net (fo=2, routed)           0.350     5.890    _241_i_4_n_0
    SLICE_X92Y60                                                      r  _241_i_1/I2
    SLICE_X92Y60         LUT4 (Prop_G6LUT_SLICEL_I2_O)
                                                      0.097     5.987 r  _241_i_1/O
                         net (fo=1, routed)           0.048     6.035    _238
    SLICE_X92Y60         FDRE                                         r  _241_reg/D
  -------------------------------------------------------------------    -------------------

                         (clock clock rise edge)      6.400     6.400 r  
                                                      0.000     6.400 r  clock (IN)
                         net (fo=1269, unset)         2.739     9.139    clock
    SLICE_X92Y60         FDRE                                         r  _241_reg/C
                         clock pessimism              0.257     9.396    
                         clock uncertainty           -0.035     9.360    
    SLICE_X92Y60         FDRE (Setup_GFF_SLICEL_C_D)
                                                      0.025     9.385    _241_reg
  -------------------------------------------------------------------
                         required time                          9.385    
                         arrival time                          -6.035    
  -------------------------------------------------------------------
                         slack                                  3.350    




