Copyright 1986-2022 Xilinx, Inc. All Rights Reserved. Copyright 2022-2024 Advanced Micro Devices, Inc. All Rights Reserved.
---------------------------------------------------------------------------------------------------------------------------------------------------------------------------------------------
| Tool Version      : Vivado v.2024.1 (lin64) Build 5076996 Wed May 22 18:36:09 MDT 2024
| Date              : Fri Aug 14 09:28:13 2026
| Host              : localhost.localdomain running 64-bit unknown
| Command           : report_timing -of_objects [get_timing_paths -quiet -delay_type max -max_paths 1 -from [all_registers] -to [all_registers]] -file reports/cam_d8_w104_critical_path.rpt
| Design            : cam_d8_w104
| Device            : xczu7ev-ffvc1156
| Speed File        : -2  PRODUCTION 1.30 05-15-2022
| Design State      : Routed
| Temperature Grade : E
---------------------------------------------------------------------------------------------------------------------------------------------------------------------------------------------

Timing Report

Slack (MET) :             4.364ns  (required time - arrival time)
  Source:                 _112_reg[33]/C
                            (rising edge-triggered cell FDRE clocked by clock  {rise@0.000ns fall@3.200ns period=6.400ns})
  Destination:            _159_reg[0]/D
                            (rising edge-triggered cell FDRE clocked by clock  {rise@0.000ns fall@3.200ns period=6.400ns})
  Path Group:             clock
  Path Type:              Setup (Max at Slow Process Corner)
  Requirement:            6.400ns  (clock rise@6.400ns - clock rise@0.000ns)
  Data Path Delay:        1.917ns  (logic 0.670ns (34.945%)  route 1.247ns (65.055%))
  Logic Levels:           7  (CARRY8=4 LUT6=3)
  Clock Path Skew:        -0.109ns (DCD - SCD + CPR)
    Destination Clock Delay (DCD):    1.774ns = ( 8.174 - 6.400 ) 
    Source Clock Delay      (SCD):    2.032ns
    Clock Pessimism Removal (CPR):    0.149ns
  Clock Uncertainty:      0.035ns  ((TSJ^2 + TIJ^2)^1/2 + DJ) / 2 + PE
    Total System Jitter     (TSJ):    0.071ns
    Total Input Jitter      (TIJ):    0.000ns
    Discrete Jitter          (DJ):    0.000ns
    Phase Error              (PE):    0.000ns

    Location             Delay type                Incr(ns)  Path(ns)    Netlist Resource(s)
  -------------------------------------------------------------------    -------------------
                         (clock clock rise edge)      0.000     0.000 r  
                                                      0.000     0.000 r  clock (IN)
                         net (fo=847, unset)          2.032     2.032    clock
    SLICE_X68Y248        FDRE                                         r  _112_reg[33]/C
  -------------------------------------------------------------------    -------------------
    SLICE_X68Y248        FDRE (Prop_DFF2_SLICEL_C_Q)
                                                      0.081     2.113 r  _112_reg[33]/Q
                         net (fo=1, routed)           0.429     2.542    _112[33]
    SLICE_X67Y248                                                     r  _169_i_190/I2
    SLICE_X67Y248        LUT6 (Prop_D6LUT_SLICEM_I2_O)
                                                      0.099     2.641 r  _169_i_190/O
                         net (fo=1, routed)           0.025     2.666    _169_i_190_n_0
    SLICE_X67Y248                                                     r  _169_reg_i_122/S[3]
    SLICE_X67Y248        CARRY8 (Prop_CARRY8_SLICEM_S[3]_CO[7])
                                                      0.163     2.829 f  _169_reg_i_122/CO[7]
                         net (fo=1, routed)           0.026     2.855    _169_reg_i_122_n_0
    SLICE_X67Y249                                                     f  _169_reg_i_59/CI
    SLICE_X67Y249        CARRY8 (Prop_CARRY8_SLICEM_CI_CO[7])
                                                      0.015     2.870 f  _169_reg_i_59/CO[7]
                         net (fo=1, routed)           0.026     2.896    _169_reg_i_59_n_0
    SLICE_X67Y250                                                     f  _169_reg_i_21/CI
    SLICE_X67Y250        CARRY8 (Prop_CARRY8_SLICEM_CI_CO[7])
                                                      0.015     2.911 f  _169_reg_i_21/CO[7]
                         net (fo=1, routed)           0.026     2.937    _169_reg_i_21_n_0
    SLICE_X67Y251                                                     f  _169_reg_i_8/CI
    SLICE_X67Y251        CARRY8 (Prop_CARRY8_SLICEM_CI_CO[2])
                                                      0.057     2.994 f  _169_reg_i_8/CO[2]
                         net (fo=3, routed)           0.440     3.434    _113
    SLICE_X71Y246                                                     f  _169_i_2/I4
    SLICE_X71Y246        LUT6 (Prop_H6LUT_SLICEM_I4_O)
                                                      0.090     3.524 f  _169_i_2/O
                         net (fo=2, routed)           0.224     3.748    _169_i_2_n_0
    SLICE_X72Y247                                                     f  _159[0]_i_1/I4
    SLICE_X72Y247        LUT6 (Prop_H6LUT_SLICEL_I4_O)
                                                      0.150     3.898 r  _159[0]_i_1/O
                         net (fo=1, routed)           0.051     3.949    _159[0]_i_1_n_0
    SLICE_X72Y247        FDRE                                         r  _159_reg[0]/D
  -------------------------------------------------------------------    -------------------

                         (clock clock rise edge)      6.400     6.400 r  
                                                      0.000     6.400 r  clock (IN)
                         net (fo=847, unset)          1.774     8.174    clock
    SLICE_X72Y247        FDRE                                         r  _159_reg[0]/C
                         clock pessimism              0.149     8.323    
                         clock uncertainty           -0.035     8.288    
    SLICE_X72Y247        FDRE (Setup_HFF_SLICEL_C_D)
                                                      0.025     8.313    _159_reg[0]
  -------------------------------------------------------------------
                         required time                          8.313    
                         arrival time                          -3.949    
  -------------------------------------------------------------------
                         slack                                  4.364    




