Copyright 1986-2022 Xilinx, Inc. All Rights Reserved. Copyright 2022-2024 Advanced Micro Devices, Inc. All Rights Reserved.
--------------------------------------------------------------------------------------------------------------------------------------------------
| Tool Version      : Vivado v.2024.1 (lin64) Build 5076996 Wed May 22 18:36:09 MDT 2024
| Date              : Tue Aug 11 09:39:16 2026
| Host              : localhost.localdomain running 64-bit unknown
| Command           : report_timing_summary -file reports/crc32_par_ooc_timing.rpt -warn_on_violation
| Design            : crc32_par_ooc
| Device            : xczu7ev-ffvc1156
| Speed File        : -2  PRODUCTION 1.30 05-15-2022
| Design State      : Routed
| Temperature Grade : E
--------------------------------------------------------------------------------------------------------------------------------------------------

Timing Summary Report

------------------------------------------------------------------------------------------------
| Timer Settings
| --------------
------------------------------------------------------------------------------------------------

  Enable Multi Corner Analysis               :  Yes
  Enable Pessimism Removal                   :  Yes
  Pessimism Removal Resolution               :  Nearest Common Node
  Enable Input Delay Default Clock           :  No
  Enable Preset / Clear Arcs                 :  No
  Disable Flight Delays                      :  No
  Ignore I/O Paths                           :  No
  Timing Early Launch at Borrowing Latches   :  No
  Borrow Time for Max Delay Exceptions       :  Yes
  Merge Timing Exceptions                    :  Yes
  Inter-SLR Compensation                     :  Conservative

  Corner  Analyze    Analyze    
  Name    Max Paths  Min Paths  
  ------  ---------  ---------  
  Slow    Yes        Yes        
  Fast    Yes        Yes        


------------------------------------------------------------------------------------------------
| Report Methodology
| ------------------
------------------------------------------------------------------------------------------------

No report available as report_methodology has not been run prior. Run report_methodology on the current design for the summary of methodology violations.



check_timing report

Table of Contents
-----------------
1. checking no_clock (0)
2. checking constant_clock (0)
3. checking pulse_width_clock (0)
4. checking unconstrained_internal_endpoints (0)
5. checking no_input_delay (0)
6. checking no_output_delay (0)
7. checking multiple_clock (0)
8. checking generated_clocks (0)
9. checking loops (0)
10. checking partial_input_delay (0)
11. checking partial_output_delay (0)
12. checking latch_loops (0)

1. checking no_clock (0)
------------------------
 There are 0 register/latch pins with no clock.


2. checking constant_clock (0)
------------------------------
 There are 0 register/latch pins with constant_clock.


3. checking pulse_width_clock (0)
---------------------------------
 There are 0 register/latch pins which need pulse_width check


4. checking unconstrained_internal_endpoints (0)
------------------------------------------------
 There are 0 pins that are not constrained for maximum delay.

 There are 0 pins that are not constrained for maximum delay due to constant clock.


5. checking no_input_delay (0)
------------------------------
 There are 0 input ports with no input delay specified.

 There are 0 input ports with no input delay but user has a false path constraint.


6. checking no_output_delay (0)
-------------------------------
 There are 0 ports with no output delay specified.

 There are 0 ports with no output delay but user has a false path constraint

 There are 0 ports with no output delay but with a timing clock defined on it or propagating through it


7. checking multiple_clock (0)
------------------------------
 There are 0 register/latch pins with multiple clocks.


8. checking generated_clocks (0)
--------------------------------
 There are 0 generated clocks that are not connected to a clock source.


9. checking loops (0)
---------------------
 There are 0 combinational loops in the design.


10. checking partial_input_delay (0)
------------------------------------
 There are 0 input ports with partial input delay specified.


11. checking partial_output_delay (0)
-------------------------------------
 There are 0 ports with partial output delay specified.


12. checking latch_loops (0)
----------------------------
 There are 0 combinational latch loops in the design through latch input



------------------------------------------------------------------------------------------------
| Design Timing Summary
| ---------------------
------------------------------------------------------------------------------------------------

    WNS(ns)      TNS(ns)  TNS Failing Endpoints  TNS Total Endpoints      WHS(ns)      THS(ns)  THS Failing Endpoints  THS Total Endpoints     WPWS(ns)     TPWS(ns)  TPWS Failing Endpoints  TPWS Total Endpoints  
    -------      -------  ---------------------  -------------------      -------      -------  ---------------------  -------------------     --------     --------  ----------------------  --------------------  
      1.729        0.000                      0                  338        0.149        0.000                      0                  338        2.925        0.000                       0                   137  


All user specified timing constraints are met.


------------------------------------------------------------------------------------------------
| Clock Summary
| -------------
------------------------------------------------------------------------------------------------

Clock  Waveform(ns)         Period(ns)      Frequency(MHz)
-----  ------------         ----------      --------------
clock  {0.000 3.200}        6.400           156.250         


------------------------------------------------------------------------------------------------
| Intra Clock Table
| -----------------
------------------------------------------------------------------------------------------------

Clock             WNS(ns)      TNS(ns)  TNS Failing Endpoints  TNS Total Endpoints      WHS(ns)      THS(ns)  THS Failing Endpoints  THS Total Endpoints     WPWS(ns)     TPWS(ns)  TPWS Failing Endpoints  TPWS Total Endpoints  
-----             -------      -------  ---------------------  -------------------      -------      -------  ---------------------  -------------------     --------     --------  ----------------------  --------------------  
clock               1.729        0.000                      0                  338        0.149        0.000                      0                  338        2.925        0.000                       0                   137  


------------------------------------------------------------------------------------------------
| Inter Clock Table
| -----------------
------------------------------------------------------------------------------------------------

From Clock    To Clock          WNS(ns)      TNS(ns)  TNS Failing Endpoints  TNS Total Endpoints      WHS(ns)      THS(ns)  THS Failing Endpoints  THS Total Endpoints  
----------    --------          -------      -------  ---------------------  -------------------      -------      -------  ---------------------  -------------------  


------------------------------------------------------------------------------------------------
| Other Path Groups Table
| -----------------------
------------------------------------------------------------------------------------------------

Path Group    From Clock    To Clock          WNS(ns)      TNS(ns)  TNS Failing Endpoints  TNS Total Endpoints      WHS(ns)      THS(ns)  THS Failing Endpoints  THS Total Endpoints  
----------    ----------    --------          -------      -------  ---------------------  -------------------      -------      -------  ---------------------  -------------------  


------------------------------------------------------------------------------------------------
| Timing Details
| --------------
------------------------------------------------------------------------------------------------


---------------------------------------------------------------------------------------------------
From Clock:  clock
  To Clock:  clock

Setup :            0  Failing Endpoints,  Worst Slack        1.729ns,  Total Violation        0.000ns
Hold  :            0  Failing Endpoints,  Worst Slack        0.149ns,  Total Violation        0.000ns
PW    :            0  Failing Endpoints,  Worst Slack        2.925ns,  Total Violation        0.000ns
---------------------------------------------------------------------------------------------------


Max Delay Paths
--------------------------------------------------------------------------------------
Slack (MET) :             1.729ns  (required time - arrival time)
  Source:                 _13985_reg[29]/C
                            (rising edge-triggered cell FDRE clocked by clock  {rise@0.000ns fall@3.200ns period=6.400ns})
  Destination:            crc_out[29]
                            (output port clocked by clock  {rise@0.000ns fall@3.200ns period=6.400ns})
  Path Group:             clock
  Path Type:              Max at Slow Process Corner
  Requirement:            6.400ns  (clock rise@6.400ns - clock rise@0.000ns)
  Data Path Delay:        0.078ns  (logic 0.078ns (100.000%)  route 0.000ns (0.000%))
  Logic Levels:           0  
  Output Delay:           2.560ns
  Clock Path Skew:        -1.998ns (DCD - SCD + CPR)
    Destination Clock Delay (DCD):    0.000ns = ( 6.400 - 6.400 ) 
    Source Clock Delay      (SCD):    1.998ns
    Clock Pessimism Removal (CPR):    0.000ns
  Clock Uncertainty:      0.035ns  ((TSJ^2 + TIJ^2)^1/2 + DJ) / 2 + PE
    Total System Jitter     (TSJ):    0.071ns
    Total Input Jitter      (TIJ):    0.000ns
    Discrete Jitter          (DJ):    0.000ns
    Phase Error              (PE):    0.000ns

    Location             Delay type                Incr(ns)  Path(ns)    Netlist Resource(s)
  -------------------------------------------------------------------    -------------------
                         (clock clock rise edge)      0.000     0.000 r  
                                                      0.000     0.000 r  clock (IN)
                         net (fo=136, unset)          1.998     1.998    clock
    SLICE_X79Y284        FDRE                                         r  _13985_reg[29]/C
  -------------------------------------------------------------------    -------------------
    SLICE_X79Y284        FDRE (Prop_CFF_SLICEM_C_Q)
                                                      0.078     2.076 r  _13985_reg[29]/Q
                         net (fo=0)                   0.000     2.076    crc_out[29]
                                                                      r  crc_out[29] (OUT)
  -------------------------------------------------------------------    -------------------

                         (clock clock rise edge)      6.400     6.400 r  
                         clock pessimism              0.000     6.400    
                         clock uncertainty           -0.035     6.365    
                         output delay                -2.560     3.805    
  -------------------------------------------------------------------
                         required time                          3.805    
                         arrival time                          -2.076    
  -------------------------------------------------------------------
                         slack                                  1.729    





Min Delay Paths
--------------------------------------------------------------------------------------
Slack (MET) :             0.149ns  (arrival time - required time)
  Source:                 _47_reg[16]/C
                            (rising edge-triggered cell FDRE clocked by clock  {rise@0.000ns fall@3.200ns period=6.400ns})
  Destination:            _13985_reg[8]/D
                            (rising edge-triggered cell FDRE clocked by clock  {rise@0.000ns fall@3.200ns period=6.400ns})
  Path Group:             clock
  Path Type:              Hold (Min at Slow Process Corner)
  Requirement:            0.000ns  (clock rise@0.000ns - clock rise@0.000ns)
  Data Path Delay:        0.325ns  (logic 0.103ns (31.661%)  route 0.222ns (68.339%))
  Logic Levels:           2  (LUT5=1 LUT6=1)
  Clock Path Skew:        0.116ns (DCD - SCD - CPR)
    Destination Clock Delay (DCD):    1.994ns
    Source Clock Delay      (SCD):    1.728ns
    Clock Pessimism Removal (CPR):    0.150ns

    Location             Delay type                Incr(ns)  Path(ns)    Netlist Resource(s)
  -------------------------------------------------------------------    -------------------
                         (clock clock rise edge)      0.000     0.000 r  
                                                      0.000     0.000 r  clock (IN)
                         net (fo=136, unset)          1.728     1.728    clock
    SLICE_X85Y284        FDRE                                         r  _47_reg[16]/C
  -------------------------------------------------------------------    -------------------
    SLICE_X85Y284        FDRE (Prop_HFF2_SLICEL_C_Q)
                                                      0.059     1.787 r  _47_reg[16]/Q
                         net (fo=17, routed)          0.156     1.943    _13912
    SLICE_X81Y284        LUT6 (Prop_E6LUT_SLICEM_I3_O)
                                                      0.022     1.965 r  _13985[8]_i_4/O
                         net (fo=1, routed)           0.031     1.996    _13985[8]_i_4_n_0
    SLICE_X81Y284        LUT5 (Prop_C6LUT_SLICEM_I4_O)
                                                      0.022     2.018 r  _13985[8]_i_1/O
                         net (fo=1, routed)           0.035     2.053    p_0_in[8]
    SLICE_X81Y284        FDRE                                         r  _13985_reg[8]/D
  -------------------------------------------------------------------    -------------------

                         (clock clock rise edge)      0.000     0.000 r  
                                                      0.000     0.000 r  clock (IN)
                         net (fo=136, unset)          1.994     1.994    clock
    SLICE_X81Y284        FDRE                                         r  _13985_reg[8]/C
                         clock pessimism             -0.150     1.844    
    SLICE_X81Y284        FDRE (Hold_CFF_SLICEM_C_D)
                                                      0.060     1.904    _13985_reg[8]
  -------------------------------------------------------------------
                         required time                         -1.904    
                         arrival time                           2.053    
  -------------------------------------------------------------------
                         slack                                  0.149    





Pulse Width Checks
--------------------------------------------------------------------------------------
Clock Name:         clock
Waveform(ns):       { 0.000 3.200 }
Period(ns):         6.400
Sources:            { clock }

Check Type        Corner  Lib Pin  Reference Pin  Required(ns)  Actual(ns)  Slack(ns)  Location       Pin
Min Period        n/a     FDRE/C   n/a            0.550         6.400       5.850      SLICE_X80Y248  _12_reg[0]/C
Low Pulse Width   Slow    FDRE/C   n/a            0.275         3.200       2.925      SLICE_X80Y248  _12_reg[0]/C
High Pulse Width  Slow    FDRE/C   n/a            0.275         3.200       2.925      SLICE_X80Y248  _12_reg[0]/C



