Copyright 1986-2022 Xilinx, Inc. All Rights Reserved. Copyright 2022-2024 Advanced Micro Devices, Inc. All Rights Reserved.
-----------------------------------------------------------------------------------------------------------------------------------------------------------------------------------------------
| Tool Version      : Vivado v.2024.1 (lin64) Build 5076996 Wed May 22 18:36:09 MDT 2024
| Date              : Fri Aug 14 11:10:14 2026
| Host              : localhost.localdomain running 64-bit unknown
| Command           : report_timing -of_objects [get_timing_paths -quiet -delay_type max -max_paths 1 -from [all_registers] -to [all_registers]] -file reports/crc32_par_ooc_critical_path.rpt
| Design            : crc32_par_ooc
| Device            : xczu7ev-ffvc1156
| Speed File        : -2  PRODUCTION 1.30 05-15-2022
| Design State      : Routed
| Temperature Grade : E
-----------------------------------------------------------------------------------------------------------------------------------------------------------------------------------------------

Timing Report

Slack (MET) :             3.259ns  (required time - arrival time)
  Source:                 _12_reg[4]/C
                            (rising edge-triggered cell FDRE clocked by clock  {rise@0.000ns fall@3.200ns period=6.400ns})
  Destination:            _13985_reg[7]/D
                            (rising edge-triggered cell FDRE clocked by clock  {rise@0.000ns fall@3.200ns period=6.400ns})
  Path Group:             clock
  Path Type:              Setup (Max at Slow Process Corner)
  Requirement:            6.400ns  (clock rise@6.400ns - clock rise@0.000ns)
  Data Path Delay:        3.021ns  (logic 0.674ns (22.313%)  route 2.347ns (77.687%))
  Logic Levels:           5  (LUT3=2 LUT5=1 LUT6=2)
  Clock Path Skew:        -0.110ns (DCD - SCD + CPR)
    Destination Clock Delay (DCD):    1.742ns = ( 8.142 - 6.400 ) 
    Source Clock Delay      (SCD):    2.002ns
    Clock Pessimism Removal (CPR):    0.150ns
  Clock Uncertainty:      0.035ns  ((TSJ^2 + TIJ^2)^1/2 + DJ) / 2 + PE
    Total System Jitter     (TSJ):    0.071ns
    Total Input Jitter      (TIJ):    0.000ns
    Discrete Jitter          (DJ):    0.000ns
    Phase Error              (PE):    0.000ns

    Location             Delay type                Incr(ns)  Path(ns)    Netlist Resource(s)
  -------------------------------------------------------------------    -------------------
                         (clock clock rise edge)      0.000     0.000 r  
                                                      0.000     0.000 r  clock (IN)
                         net (fo=136, unset)          2.002     2.002    clock
    SLICE_X81Y247        FDRE                                         r  _12_reg[4]/C
  -------------------------------------------------------------------    -------------------
    SLICE_X81Y247        FDRE (Prop_FFF2_SLICEM_C_Q)
                                                      0.079     2.081 r  _12_reg[4]/Q
                         net (fo=6, routed)           0.108     2.189    _29
    SLICE_X81Y248                                                     r  _13985[31]_i_30/I1
    SLICE_X81Y248        LUT3 (Prop_D5LUT_SLICEM_I1_O)
                                                      0.110     2.299 r  _13985[31]_i_30/O
                         net (fo=1, routed)           0.218     2.517    _13985[31]_i_30_n_0
    SLICE_X81Y248                                                     r  _13985[31]_i_13/I5
    SLICE_X81Y248        LUT6 (Prop_H6LUT_SLICEM_I5_O)
                                                      0.090     2.607 r  _13985[31]_i_13/O
                         net (fo=3, routed)           0.127     2.735    _13985[31]_i_13_n_0
    SLICE_X81Y249                                                     r  _13985[31]_i_18/I0
    SLICE_X81Y249        LUT3 (Prop_H6LUT_SLICEM_I0_O)
                                                      0.152     2.887 r  _13985[31]_i_18/O
                         net (fo=64, routed)          1.671     4.558    _13985[31]_i_18_n_0
    SLICE_X80Y285                                                     r  _13985[7]_i_4/I2
    SLICE_X80Y285        LUT6 (Prop_G6LUT_SLICEL_I2_O)
                                                      0.097     4.655 r  _13985[7]_i_4/O
                         net (fo=1, routed)           0.173     4.828    _13985[7]_i_4_n_0
    SLICE_X80Y285                                                     r  _13985[7]_i_1/I4
    SLICE_X80Y285        LUT5 (Prop_D6LUT_SLICEL_I4_O)
                                                      0.146     4.974 r  _13985[7]_i_1/O
                         net (fo=1, routed)           0.049     5.023    p_0_in[7]
    SLICE_X80Y285        FDRE                                         r  _13985_reg[7]/D
  -------------------------------------------------------------------    -------------------

                         (clock clock rise edge)      6.400     6.400 r  
                                                      0.000     6.400 r  clock (IN)
                         net (fo=136, unset)          1.742     8.142    clock
    SLICE_X80Y285        FDRE                                         r  _13985_reg[7]/C
                         clock pessimism              0.150     8.292    
                         clock uncertainty           -0.035     8.256    
    SLICE_X80Y285        FDRE (Setup_DFF_SLICEL_C_D)
                                                      0.025     8.281    _13985_reg[7]
  -------------------------------------------------------------------
                         required time                          8.281    
                         arrival time                          -5.023    
  -------------------------------------------------------------------
                         slack                                  3.259    




