Copyright 1986-2022 Xilinx, Inc. All Rights Reserved. Copyright 2022-2024 Advanced Micro Devices, Inc. All Rights Reserved.
--------------------------------------------------------------------------------------------------------------------------------------------------
| Tool Version      : Vivado v.2024.1 (lin64) Build 5076996 Wed May 22 18:36:09 MDT 2024
| Date              : Tue Aug 11 09:34:16 2026
| Host              : localhost.localdomain running 64-bit unknown
| Command           : report_timing_summary -file reports/crc32_par_timing.rpt -warn_on_violation
| Design            : crc32_par
| Device            : xczu7ev-ffvc1156
| Speed File        : -2  PRODUCTION 1.30 05-15-2022
| Design State      : Routed
| Temperature Grade : E
--------------------------------------------------------------------------------------------------------------------------------------------------

Timing Summary Report

------------------------------------------------------------------------------------------------
| Timer Settings
| --------------
------------------------------------------------------------------------------------------------

  Enable Multi Corner Analysis               :  Yes
  Enable Pessimism Removal                   :  Yes
  Pessimism Removal Resolution               :  Nearest Common Node
  Enable Input Delay Default Clock           :  No
  Enable Preset / Clear Arcs                 :  No
  Disable Flight Delays                      :  No
  Ignore I/O Paths                           :  No
  Timing Early Launch at Borrowing Latches   :  No
  Borrow Time for Max Delay Exceptions       :  Yes
  Merge Timing Exceptions                    :  Yes
  Inter-SLR Compensation                     :  Conservative

  Corner  Analyze    Analyze    
  Name    Max Paths  Min Paths  
  ------  ---------  ---------  
  Slow    Yes        Yes        
  Fast    Yes        Yes        


------------------------------------------------------------------------------------------------
| Report Methodology
| ------------------
------------------------------------------------------------------------------------------------

No report available as report_methodology has not been run prior. Run report_methodology on the current design for the summary of methodology violations.



check_timing report

Table of Contents
-----------------
1. checking no_clock (0)
2. checking constant_clock (0)
3. checking pulse_width_clock (0)
4. checking unconstrained_internal_endpoints (0)
5. checking no_input_delay (0)
6. checking no_output_delay (0)
7. checking multiple_clock (0)
8. checking generated_clocks (0)
9. checking loops (0)
10. checking partial_input_delay (0)
11. checking partial_output_delay (0)
12. checking latch_loops (0)

1. checking no_clock (0)
------------------------
 There are 0 register/latch pins with no clock.


2. checking constant_clock (0)
------------------------------
 There are 0 register/latch pins with constant_clock.


3. checking pulse_width_clock (0)
---------------------------------
 There are 0 register/latch pins which need pulse_width check


4. checking unconstrained_internal_endpoints (0)
------------------------------------------------
 There are 0 pins that are not constrained for maximum delay.

 There are 0 pins that are not constrained for maximum delay due to constant clock.


5. checking no_input_delay (0)
------------------------------
 There are 0 input ports with no input delay specified.

 There are 0 input ports with no input delay but user has a false path constraint.


6. checking no_output_delay (0)
-------------------------------
 There are 0 ports with no output delay specified.

 There are 0 ports with no output delay but user has a false path constraint

 There are 0 ports with no output delay but with a timing clock defined on it or propagating through it


7. checking multiple_clock (0)
------------------------------
 There are 0 register/latch pins with multiple clocks.


8. checking generated_clocks (0)
--------------------------------
 There are 0 generated clocks that are not connected to a clock source.


9. checking loops (0)
---------------------
 There are 0 combinational loops in the design.


10. checking partial_input_delay (0)
------------------------------------
 There are 0 input ports with partial input delay specified.


11. checking partial_output_delay (0)
-------------------------------------
 There are 0 ports with partial output delay specified.


12. checking latch_loops (0)
----------------------------
 There are 0 combinational latch loops in the design through latch input



------------------------------------------------------------------------------------------------
| Design Timing Summary
| ---------------------
------------------------------------------------------------------------------------------------

    WNS(ns)      TNS(ns)  TNS Failing Endpoints  TNS Total Endpoints      WHS(ns)      THS(ns)  THS Failing Endpoints  THS Total Endpoints     WPWS(ns)     TPWS(ns)  TPWS Failing Endpoints  TPWS Total Endpoints  
    -------      -------  ---------------------  -------------------      -------      -------  ---------------------  -------------------     --------     --------  ----------------------  --------------------  
      1.122        0.000                      0                  128       -0.031       -0.698                     51                  128        2.925        0.000                       0                    32  


Timing constraints are not met.


------------------------------------------------------------------------------------------------
| Clock Summary
| -------------
------------------------------------------------------------------------------------------------

Clock  Waveform(ns)         Period(ns)      Frequency(MHz)
-----  ------------         ----------      --------------
clock  {0.000 3.200}        6.400           156.250         


------------------------------------------------------------------------------------------------
| Intra Clock Table
| -----------------
------------------------------------------------------------------------------------------------

Clock             WNS(ns)      TNS(ns)  TNS Failing Endpoints  TNS Total Endpoints      WHS(ns)      THS(ns)  THS Failing Endpoints  THS Total Endpoints     WPWS(ns)     TPWS(ns)  TPWS Failing Endpoints  TPWS Total Endpoints  
-----             -------      -------  ---------------------  -------------------      -------      -------  ---------------------  -------------------     --------     --------  ----------------------  --------------------  
clock               1.122        0.000                      0                  128       -0.031       -0.698                     51                  128        2.925        0.000                       0                    32  


------------------------------------------------------------------------------------------------
| Inter Clock Table
| -----------------
------------------------------------------------------------------------------------------------

From Clock    To Clock          WNS(ns)      TNS(ns)  TNS Failing Endpoints  TNS Total Endpoints      WHS(ns)      THS(ns)  THS Failing Endpoints  THS Total Endpoints  
----------    --------          -------      -------  ---------------------  -------------------      -------      -------  ---------------------  -------------------  


------------------------------------------------------------------------------------------------
| Other Path Groups Table
| -----------------------
------------------------------------------------------------------------------------------------

Path Group    From Clock    To Clock          WNS(ns)      TNS(ns)  TNS Failing Endpoints  TNS Total Endpoints      WHS(ns)      THS(ns)  THS Failing Endpoints  THS Total Endpoints  
----------    ----------    --------          -------      -------  ---------------------  -------------------      -------      -------  ---------------------  -------------------  


------------------------------------------------------------------------------------------------
| Timing Details
| --------------
------------------------------------------------------------------------------------------------


---------------------------------------------------------------------------------------------------
From Clock:  clock
  To Clock:  clock

Setup :            0  Failing Endpoints,  Worst Slack        1.122ns,  Total Violation        0.000ns
Hold  :           51  Failing Endpoints,  Worst Slack       -0.031ns,  Total Violation       -0.698ns
PW    :            0  Failing Endpoints,  Worst Slack        2.925ns,  Total Violation        0.000ns
---------------------------------------------------------------------------------------------------


Max Delay Paths
--------------------------------------------------------------------------------------
Slack (MET) :             1.122ns  (required time - arrival time)
  Source:                 _13972_reg[7]/C
                            (rising edge-triggered cell FDRE clocked by clock  {rise@0.000ns fall@3.200ns period=6.400ns})
  Destination:            crc_out[7]
                            (output port clocked by clock  {rise@0.000ns fall@3.200ns period=6.400ns})
  Path Group:             clock
  Path Type:              Max at Slow Process Corner
  Requirement:            6.400ns  (clock rise@6.400ns - clock rise@0.000ns)
  Data Path Delay:        0.078ns  (logic 0.078ns (100.000%)  route 0.000ns (0.000%))
  Logic Levels:           0  
  Output Delay:           2.560ns
  Clock Path Skew:        -2.605ns (DCD - SCD + CPR)
    Destination Clock Delay (DCD):    0.000ns = ( 6.400 - 6.400 ) 
    Source Clock Delay      (SCD):    2.605ns
    Clock Pessimism Removal (CPR):    0.000ns
  Clock Uncertainty:      0.035ns  ((TSJ^2 + TIJ^2)^1/2 + DJ) / 2 + PE
    Total System Jitter     (TSJ):    0.071ns
    Total Input Jitter      (TIJ):    0.000ns
    Discrete Jitter          (DJ):    0.000ns
    Phase Error              (PE):    0.000ns

    Location             Delay type                Incr(ns)  Path(ns)    Netlist Resource(s)
  -------------------------------------------------------------------    -------------------
                         (clock clock rise edge)      0.000     0.000 r  
                                                      0.000     0.000 r  clock (IN)
                         net (fo=31, unset)           2.605     2.605    clock
    SLICE_X56Y36         FDRE                                         r  _13972_reg[7]/C
  -------------------------------------------------------------------    -------------------
    SLICE_X56Y36         FDRE (Prop_CFF_SLICEM_C_Q)
                                                      0.078     2.683 r  _13972_reg[7]/Q
                         net (fo=0)                   0.000     2.683    crc_out[7]
                                                                      r  crc_out[7] (OUT)
  -------------------------------------------------------------------    -------------------

                         (clock clock rise edge)      6.400     6.400 r  
                         clock pessimism              0.000     6.400    
                         clock uncertainty           -0.035     6.365    
                         output delay                -2.560     3.805    
  -------------------------------------------------------------------
                         required time                          3.805    
                         arrival time                          -2.683    
  -------------------------------------------------------------------
                         slack                                  1.122    





Min Delay Paths
--------------------------------------------------------------------------------------
Slack (VIOLATED) :        -0.031ns  (arrival time - required time)
  Source:                 en
                            (input port clocked by clock  {rise@0.000ns fall@3.200ns period=6.400ns})
  Destination:            _13972_reg[7]/CE
                            (rising edge-triggered cell FDRE clocked by clock  {rise@0.000ns fall@3.200ns period=6.400ns})
  Path Group:             clock
  Path Type:              Hold (Min at Slow Process Corner)
  Requirement:            0.000ns  (clock rise@0.000ns - clock rise@0.000ns)
  Data Path Delay:        0.000ns  (logic 0.000ns (0.000%)  route 0.000ns (0.000%))
  Logic Levels:           0  
  Input Delay:            2.560ns
  Clock Path Skew:        2.605ns (DCD - SCD - CPR)
    Destination Clock Delay (DCD):    2.605ns
    Source Clock Delay      (SCD):    0.000ns
    Clock Pessimism Removal (CPR):    -0.000ns

    Location             Delay type                Incr(ns)  Path(ns)    Netlist Resource(s)
  -------------------------------------------------------------------    -------------------
                         (clock clock rise edge)      0.000     0.000 r  
                         input delay                  2.560     2.560    
                                                      0.000     2.560 r  en (IN)
                         net (fo=31, unset)           0.000     2.560    en
    SLICE_X56Y36         FDRE                                         r  _13972_reg[7]/CE
  -------------------------------------------------------------------    -------------------

                         (clock clock rise edge)      0.000     0.000 r  
                                                      0.000     0.000 r  clock (IN)
                         net (fo=31, unset)           2.605     2.605    clock
    SLICE_X56Y36         FDRE                                         r  _13972_reg[7]/C
                         clock pessimism              0.000     2.605    
    SLICE_X56Y36         FDRE (Hold_CFF_SLICEM_C_CE)
                                                     -0.014     2.591    _13972_reg[7]
  -------------------------------------------------------------------
                         required time                         -2.591    
                         arrival time                           2.560    
  -------------------------------------------------------------------
                         slack                                 -0.031    





Pulse Width Checks
--------------------------------------------------------------------------------------
Clock Name:         clock
Waveform(ns):       { 0.000 3.200 }
Period(ns):         6.400
Sources:            { clock }

Check Type        Corner  Lib Pin  Reference Pin  Required(ns)  Actual(ns)  Slack(ns)  Location      Pin
Min Period        n/a     FDRE/C   n/a            0.550         6.400       5.850      SLICE_X58Y37  _13972_reg[0]/C
Low Pulse Width   Slow    FDRE/C   n/a            0.275         3.200       2.925      SLICE_X58Y37  _13972_reg[0]/C
High Pulse Width  Slow    FDRE/C   n/a            0.275         3.200       2.925      SLICE_X58Y37  _13972_reg[0]/C



