Copyright 1986-2022 Xilinx, Inc. All Rights Reserved. Copyright 2022-2024 Advanced Micro Devices, Inc. All Rights Reserved.
-----------------------------------------------------------------------------------------------------------------------------------------------------------------------------------------------
| Tool Version      : Vivado v.2024.1 (lin64) Build 5076996 Wed May 22 18:36:09 MDT 2024
| Date              : Tue Aug 11 14:13:40 2026
| Host              : localhost.localdomain running 64-bit unknown
| Command           : report_timing -of_objects [get_timing_paths -quiet -delay_type max -max_paths 1 -from [all_registers] -to [all_registers]] -file reports/header_parser_critical_path.rpt
| Design            : header_parser
| Device            : xczu7ev-ffvc1156
| Speed File        : -2  PRODUCTION 1.30 05-15-2022
| Design State      : Routed
| Temperature Grade : E
-----------------------------------------------------------------------------------------------------------------------------------------------------------------------------------------------

Timing Report

Slack (MET) :             4.354ns  (required time - arrival time)
  Source:                 _15_reg[148]/C
                            (rising edge-triggered cell FDRE clocked by clock  {rise@0.000ns fall@3.200ns period=6.400ns})
  Destination:            _142_reg[36]/D
                            (rising edge-triggered cell FDRE clocked by clock  {rise@0.000ns fall@3.200ns period=6.400ns})
  Path Group:             clock
  Path Type:              Setup (Max at Slow Process Corner)
  Requirement:            6.400ns  (clock rise@6.400ns - clock rise@0.000ns)
  Data Path Delay:        1.952ns  (logic 0.575ns (29.458%)  route 1.377ns (70.542%))
  Logic Levels:           4  (LUT5=2 LUT6=2)
  Clock Path Skew:        -0.084ns (DCD - SCD + CPR)
    Destination Clock Delay (DCD):    0.785ns = ( 7.185 - 6.400 ) 
    Source Clock Delay      (SCD):    0.913ns
    Clock Pessimism Removal (CPR):    0.044ns
  Clock Uncertainty:      0.035ns  ((TSJ^2 + TIJ^2)^1/2 + DJ) / 2 + PE
    Total System Jitter     (TSJ):    0.071ns
    Total Input Jitter      (TIJ):    0.000ns
    Discrete Jitter          (DJ):    0.000ns
    Phase Error              (PE):    0.000ns

    Location             Delay type                Incr(ns)  Path(ns)    Netlist Resource(s)
  -------------------------------------------------------------------    -------------------
                         (clock clock rise edge)      0.000     0.000 r  
                                                      0.000     0.000 r  clock (IN)
                         net (fo=378, unset)          0.913     0.913    clock
    SLICE_X28Y246        FDRE                                         r  _15_reg[148]/C
  -------------------------------------------------------------------    -------------------
    SLICE_X28Y246        FDRE (Prop_EFF2_SLICEL_C_Q)
                                                      0.081     0.994 f  _15_reg[148]/Q
                         net (fo=3, routed)           0.390     1.384    _122[4]
    SLICE_X29Y243                                                     f  _232_i_20/I2
    SLICE_X29Y243        LUT6 (Prop_H6LUT_SLICEM_I2_O)
                                                      0.125     1.509 f  _232_i_20/O
                         net (fo=1, routed)           0.285     1.794    _232_i_20_n_0
    SLICE_X28Y242                                                     f  _232_i_8/I0
    SLICE_X28Y242        LUT5 (Prop_H6LUT_SLICEL_I0_O)
                                                      0.099     1.893 f  _232_i_8/O
                         net (fo=3, routed)           0.210     2.103    _232_i_8_n_0
    SLICE_X29Y244                                                     f  _232_i_2/I4
    SLICE_X29Y244        LUT5 (Prop_B6LUT_SLICEM_I4_O)
                                                      0.125     2.228 f  _232_i_2/O
                         net (fo=99, routed)          0.426     2.654    _232_i_2_n_0
    SLICE_X35Y243                                                     f  _142[36]_i_1/I0
    SLICE_X35Y243        LUT6 (Prop_C6LUT_SLICEM_I0_O)
                                                      0.145     2.799 r  _142[36]_i_1/O
                         net (fo=1, routed)           0.066     2.865    _138[36]
    SLICE_X35Y243        FDRE                                         r  _142_reg[36]/D
  -------------------------------------------------------------------    -------------------

                         (clock clock rise edge)      6.400     6.400 r  
                                                      0.000     6.400 r  clock (IN)
                         net (fo=378, unset)          0.785     7.185    clock
    SLICE_X35Y243        FDRE                                         r  _142_reg[36]/C
                         clock pessimism              0.044     7.229    
                         clock uncertainty           -0.035     7.194    
    SLICE_X35Y243        FDRE (Setup_CFF_SLICEM_C_D)
                                                      0.025     7.219    _142_reg[36]
  -------------------------------------------------------------------
                         required time                          7.219    
                         arrival time                          -2.865    
  -------------------------------------------------------------------
                         slack                                  4.354    




